../Core/Src/main.c:98:6:pwmDutySet	16	static
../Core/Src/main.c:118:6:buzzerControl	24	static
../Core/Src/main.c:148:10:adcRead	16	static
../Core/Src/main.c:161:6:ledColor	16	static
../Core/Src/main.c:187:6:ledControl	24	static
../Core/Src/main.c:194:6:boostEnable	16	static
../Core/Src/main.c:202:6:deviceInit	8	static
../Core/Src/main.c:247:6:readSwitchStatus	32	static
../Core/Src/main.c:312:6:fanControl	24	static
../Core/Src/main.c:378:6:ampControl	16	static
../Core/Src/main.c:413:6:chargeDetect	8	static
../Core/Src/main.c:441:5:main	40	static
../Core/Src/main.c:515:6:SystemClock_Config	80	static
../Core/Src/main.c:551:13:MX_ADC_Init	24	static
../Core/Src/main.c:605:13:MX_TIM3_Init	64	static
../Core/Src/main.c:664:13:MX_TIM14_Init	40	static
../Core/Src/main.c:710:13:MX_GPIO_Init	48	static
../Core/Src/main.c:778:6:Error_Handler	8	static,ignoring_inline_asm
