../Core/Src/main.c:96:6:pwmDutySet	16	static
../Core/Src/main.c:116:6:buzzerControl	24	static
../Core/Src/main.c:146:6:ledColor	16	static
../Core/Src/main.c:172:6:ledControl	24	static
../Core/Src/main.c:179:6:boostEnable	16	static
../Core/Src/main.c:187:6:deviceInit	8	static
../Core/Src/main.c:228:6:readSwitchStatus	32	static
../Core/Src/main.c:293:6:fanControl	16	static
../Core/Src/main.c:355:6:ampControl	24	static
../Core/Src/main.c:387:6:chargeDetect	8	static
../Core/Src/main.c:415:5:main	32	static
../Core/Src/main.c:481:6:SystemClock_Config	80	static
../Core/Src/main.c:519:13:MX_ADC_Init	24	static
../Core/Src/main.c:573:13:MX_TIM3_Init	64	static
../Core/Src/main.c:632:13:MX_TIM14_Init	40	static
../Core/Src/main.c:678:13:MX_GPIO_Init	48	static
../Core/Src/main.c:746:6:Error_Handler	8	static,ignoring_inline_asm
