Archive member included to satisfy reference by file (symbol)

c:/progra~2/gnutoo~1/50a5a~1.420/bin/../lib/gcc/arm-none-eabi/5.4.1/armv6-m\libgcc.a(_udivsi3.o)
                              CMakeFiles/ABD01_V3.0.elf.dir/Core/Src/system_stm32f0xx.c.obj (__aeabi_uidiv)
c:/progra~2/gnutoo~1/50a5a~1.420/bin/../lib/gcc/arm-none-eabi/5.4.1/armv6-m\libgcc.a(_dvmd_tls.o)
                              c:/progra~2/gnutoo~1/50a5a~1.420/bin/../lib/gcc/arm-none-eabi/5.4.1/armv6-m\libgcc.a(_udivsi3.o) (__aeabi_idiv0)
c:/progra~2/gnutoo~1/50a5a~1.420/bin/../lib/gcc/arm-none-eabi/5.4.1/../../../../arm-none-eabi/lib/armv6-m\libg.a(lib_a-errno.o)
                              CMakeFiles/ABD01_V3.0.elf.dir/Core/Src/syscalls.c.obj (__errno)
c:/progra~2/gnutoo~1/50a5a~1.420/bin/../lib/gcc/arm-none-eabi/5.4.1/../../../../arm-none-eabi/lib/armv6-m\libg.a(lib_a-exit.o)
                              c:/progra~2/gnutoo~1/50a5a~1.420/bin/../lib/gcc/arm-none-eabi/5.4.1/../../../../arm-none-eabi/lib/armv6-m/crt0.o (exit)
c:/progra~2/gnutoo~1/50a5a~1.420/bin/../lib/gcc/arm-none-eabi/5.4.1/../../../../arm-none-eabi/lib/armv6-m\libg.a(lib_a-impure.o)
                              c:/progra~2/gnutoo~1/50a5a~1.420/bin/../lib/gcc/arm-none-eabi/5.4.1/../../../../arm-none-eabi/lib/armv6-m\libg.a(lib_a-exit.o) (_global_impure_ptr)
c:/progra~2/gnutoo~1/50a5a~1.420/bin/../lib/gcc/arm-none-eabi/5.4.1/../../../../arm-none-eabi/lib/armv6-m\libg.a(lib_a-init.o)
                              c:/progra~2/gnutoo~1/50a5a~1.420/bin/../lib/gcc/arm-none-eabi/5.4.1/../../../../arm-none-eabi/lib/armv6-m/crt0.o (__libc_init_array)
c:/progra~2/gnutoo~1/50a5a~1.420/bin/../lib/gcc/arm-none-eabi/5.4.1/../../../../arm-none-eabi/lib/armv6-m\libg.a(lib_a-memcpy-stub.o)
                              CMakeFiles/ABD01_V3.0.elf.dir/Drivers/STM32F0xx_HAL_Driver/Src/stm32f0xx_hal_rcc.c.obj (memcpy)
c:/progra~2/gnutoo~1/50a5a~1.420/bin/../lib/gcc/arm-none-eabi/5.4.1/../../../../arm-none-eabi/lib/armv6-m\libg.a(lib_a-memset.o)
                              c:/progra~2/gnutoo~1/50a5a~1.420/bin/../lib/gcc/arm-none-eabi/5.4.1/../../../../arm-none-eabi/lib/armv6-m/crt0.o (memset)
c:/progra~2/gnutoo~1/50a5a~1.420/bin/../lib/gcc/arm-none-eabi/5.4.1/../../../../arm-none-eabi/lib/armv6-m\libg.a(lib_a-__call_atexit.o)
                              c:/progra~2/gnutoo~1/50a5a~1.420/bin/../lib/gcc/arm-none-eabi/5.4.1/../../../../arm-none-eabi/lib/armv6-m\libg.a(lib_a-exit.o) (__call_exitprocs)
c:/progra~2/gnutoo~1/50a5a~1.420/bin/../lib/gcc/arm-none-eabi/5.4.1/../../../../arm-none-eabi/lib/armv6-m\libg.a(lib_a-atexit.o)
                              c:/progra~2/gnutoo~1/50a5a~1.420/bin/../lib/gcc/arm-none-eabi/5.4.1/../../../../arm-none-eabi/lib/armv6-m\libg.a(lib_a-__call_atexit.o) (atexit)
c:/progra~2/gnutoo~1/50a5a~1.420/bin/../lib/gcc/arm-none-eabi/5.4.1/../../../../arm-none-eabi/lib/armv6-m\libg.a(lib_a-fini.o)
                              c:/progra~2/gnutoo~1/50a5a~1.420/bin/../lib/gcc/arm-none-eabi/5.4.1/../../../../arm-none-eabi/lib/armv6-m\libg.a(lib_a-__call_atexit.o) (__libc_fini_array)
c:/progra~2/gnutoo~1/50a5a~1.420/bin/../lib/gcc/arm-none-eabi/5.4.1/../../../../arm-none-eabi/lib/armv6-m\libg.a(lib_a-__atexit.o)
                              c:/progra~2/gnutoo~1/50a5a~1.420/bin/../lib/gcc/arm-none-eabi/5.4.1/../../../../arm-none-eabi/lib/armv6-m\libg.a(lib_a-atexit.o) (__register_exitproc)

Discarded input sections

 .text          0x00000000        0x0 c:/progra~2/gnutoo~1/50a5a~1.420/bin/../lib/gcc/arm-none-eabi/5.4.1/armv6-m/crti.o
 .data          0x00000000        0x0 c:/progra~2/gnutoo~1/50a5a~1.420/bin/../lib/gcc/arm-none-eabi/5.4.1/armv6-m/crti.o
 .bss           0x00000000        0x0 c:/progra~2/gnutoo~1/50a5a~1.420/bin/../lib/gcc/arm-none-eabi/5.4.1/armv6-m/crti.o
 .data          0x00000000        0x4 c:/progra~2/gnutoo~1/50a5a~1.420/bin/../lib/gcc/arm-none-eabi/5.4.1/armv6-m/crtbegin.o
 .text          0x00000000       0x78 c:/progra~2/gnutoo~1/50a5a~1.420/bin/../lib/gcc/arm-none-eabi/5.4.1/../../../../arm-none-eabi/lib/armv6-m/crt0.o
 .data          0x00000000        0x0 c:/progra~2/gnutoo~1/50a5a~1.420/bin/../lib/gcc/arm-none-eabi/5.4.1/../../../../arm-none-eabi/lib/armv6-m/crt0.o
 .bss           0x00000000        0x0 c:/progra~2/gnutoo~1/50a5a~1.420/bin/../lib/gcc/arm-none-eabi/5.4.1/../../../../arm-none-eabi/lib/armv6-m/crt0.o
 .ARM.extab     0x00000000        0x0 c:/progra~2/gnutoo~1/50a5a~1.420/bin/../lib/gcc/arm-none-eabi/5.4.1/../../../../arm-none-eabi/lib/armv6-m/crt0.o
 .ARM.exidx     0x00000000        0x8 c:/progra~2/gnutoo~1/50a5a~1.420/bin/../lib/gcc/arm-none-eabi/5.4.1/../../../../arm-none-eabi/lib/armv6-m/crt0.o
 .ARM.attributes
                0x00000000       0x1b c:/progra~2/gnutoo~1/50a5a~1.420/bin/../lib/gcc/arm-none-eabi/5.4.1/../../../../arm-none-eabi/lib/armv6-m/crt0.o
 .text          0x00000000        0x0 CMakeFiles/ABD01_V3.0.elf.dir/Core/Src/main.c.obj
[...]
Memory Configuration

Name             Origin             Length             Attributes
RAM              0x20000000         0x00001000         xrw
FLASH            0x08000000         0x00008000         xr
*default*        0x00000000         0xffffffff

Linker script and memory map

LOAD c:/progra~2/gnutoo~1/50a5a~1.420/bin/../lib/gcc/arm-none-eabi/5.4.1/armv6-m/crti.o
LOAD c:/progra~2/gnutoo~1/50a5a~1.420/bin/../lib/gcc/arm-none-eabi/5.4.1/armv6-m/crtbegin.o
LOAD c:/progra~2/gnutoo~1/50a5a~1.420/bin/../lib/gcc/arm-none-eabi/5.4.1/../../../../arm-none-eabi/lib/armv6-m/crt0.o
LOAD CMakeFiles/ABD01_V3.0.elf.dir/Core/Src/main.c.obj
LOAD CMakeFiles/ABD01_V3.0.elf.dir/Core/Src/stm32f0xx_hal_msp.c.obj
LOAD CMakeFiles/ABD01_V3.0.elf.dir/Core/Src/stm32f0xx_it.c.obj
LOAD CMakeFiles/ABD01_V3.0.elf.dir/Core/Src/syscalls.c.obj
LOAD CMakeFiles/ABD01_V3.0.elf.dir/Core/Src/sysmem.c.obj
LOAD CMakeFiles/ABD01_V3.0.elf.dir/Core/Src/system_stm32f0xx.c.obj
LOAD CMakeFiles/ABD01_V3.0.elf.dir/Core/Startup/startup_stm32f031g6ux.s.obj
LOAD CMakeFiles/ABD01_V3.0.elf.dir/Drivers/STM32F0xx_HAL_Driver/Src/stm32f0xx_hal.c.obj
LOAD CMakeFiles/ABD01_V3.0.elf.dir/Drivers/STM32F0xx_HAL_Driver/Src/stm32f0xx_hal_adc.c.obj
LOAD CMakeFiles/ABD01_V3.0.elf.dir/Drivers/STM32F0xx_HAL_Driver/Src/stm32f0xx_hal_adc_ex.c.obj
LOAD CMakeFiles/ABD01_V3.0.elf.dir/Drivers/STM32F0xx_HAL_Driver/Src/stm32f0xx_hal_cortex.c.obj
LOAD CMakeFiles/ABD01_V3.0.elf.dir/Drivers/STM32F0xx_HAL_Driver/Src/stm32f0xx_hal_dma.c.obj
LOAD CMakeFiles/ABD01_V3.0.elf.dir/Drivers/STM32F0xx_HAL_Driver/Src/stm32f0xx_hal_exti.c.obj
LOAD CMakeFiles/ABD01_V3.0.elf.dir/Drivers/STM32F0xx_HAL_Driver/Src/stm32f0xx_hal_flash.c.obj
LOAD CMakeFiles/ABD01_V3.0.elf.dir/Drivers/STM32F0xx_HAL_Driver/Src/stm32f0xx_hal_flash_ex.c.obj
LOAD CMakeFiles/ABD01_V3.0.elf.dir/Drivers/STM32F0xx_HAL_Driver/Src/stm32f0xx_hal_gpio.c.obj
LOAD CMakeFiles/ABD01_V3.0.elf.dir/Drivers/STM32F0xx_HAL_Driver/Src/stm32f0xx_hal_i2c.c.obj
LOAD CMakeFiles/ABD01_V3.0.elf.dir/Drivers/STM32F0xx_HAL_Driver/Src/stm32f0xx_hal_i2c_ex.c.obj
LOAD CMakeFiles/ABD01_V3.0.elf.dir/Drivers/STM32F0xx_HAL_Driver/Src/stm32f0xx_hal_pwr.c.obj
LOAD CMakeFiles/ABD01_V3.0.elf.dir/Drivers/STM32F0xx_HAL_Driver/Src/stm32f0xx_hal_pwr_ex.c.obj
LOAD CMakeFiles/ABD01_V3.0.elf.dir/Drivers/STM32F0xx_HAL_Driver/Src/stm32f0xx_hal_rcc.c.obj
LOAD CMakeFiles/ABD01_V3.0.elf.dir/Drivers/STM32F0xx_HAL_Driver/Src/stm32f0xx_hal_rcc_ex.c.obj
LOAD CMakeFiles/ABD01_V3.0.elf.dir/Drivers/STM32F0xx_HAL_Driver/Src/stm32f0xx_hal_tim.c.obj
LOAD CMakeFiles/ABD01_V3.0.elf.dir/Drivers/STM32F0xx_HAL_Driver/Src/stm32f0xx_hal_tim_ex.c.obj
START GROUP
LOAD c:/progra~2/gnutoo~1/50a5a~1.420/bin/../lib/gcc/arm-none-eabi/5.4.1/armv6-m\libgcc.a
LOAD c:/progra~2/gnutoo~1/50a5a~1.420/bin/../lib/gcc/arm-none-eabi/5.4.1/../../../../arm-none-eabi/lib/armv6-m\libg.a
LOAD c:/progra~2/gnutoo~1/50a5a~1.420/bin/../lib/gcc/arm-none-eabi/5.4.1/../../../../arm-none-eabi/lib/armv6-m\libc.a
END GROUP
LOAD c:/progra~2/gnutoo~1/50a5a~1.420/bin/../lib/gcc/arm-none-eabi/5.4.1/armv6-m/crtend.o
LOAD c:/progra~2/gnutoo~1/50a5a~1.420/bin/../lib/gcc/arm-none-eabi/5.4.1/armv6-m/crtn.o
                0x20001000                _estack = (ORIGIN (RAM) + LENGTH (RAM))
                0x00000200                _Min_Heap_Size = 0x200
                0x00000400                _Min_Stack_Size = 0x400

.isr_vector     0x08000000       0xc0
                0x08000000                . = ALIGN (0x4)
 *(.isr_vector)
 .isr_vector    0x08000000       0xc0 CMakeFiles/ABD01_V3.0.elf.dir/Core/Startup/startup_stm32f031g6ux.s.obj
                0x08000000                g_pfnVectors
                0x080000c0                . = ALIGN (0x4)

.text           0x080000c0     0x2070
                0x080000c0                . = ALIGN (0x4)
 *(.text)
 .text          0x080000c0       0x60 c:/progra~2/gnutoo~1/50a5a~1.420/bin/../lib/gcc/arm-none-eabi/5.4.1/armv6-m/crtbegin.o
 .text          0x08000120      0x114 c:/progra~2/gnutoo~1/50a5a~1.420/bin/../lib/gcc/arm-none-eabi/5.4.1/armv6-m\libgcc.a(_udivsi3.o)
                0x08000120                __aeabi_uidiv
                0x08000120                __udivsi3
                0x0800022c                __aeabi_uidivmod
 .text          0x08000234        0x4 c:/progra~2/gnutoo~1/50a5a~1.420/bin/../lib/gcc/arm-none-eabi/5.4.1/armv6-m\libgcc.a(_dvmd_tls.o)
                0x08000234                __aeabi_idiv0
                0x08000234                __aeabi_ldiv0
 *(.text*)
 .text.MX_GPIO_Init
                0x08000238       0xe4 CMakeFiles/ABD01_V3.0.elf.dir/Core/Src/main.c.obj
 .text.pwmDutySet
                0x0800031c       0x28 CMakeFiles/ABD01_V3.0.elf.dir/Core/Src/main.c.obj
                0x0800031c                pwmDutySet
 .text.buzzerControl
                0x08000344       0x7c CMakeFiles/ABD01_V3.0.elf.dir/Core/Src/main.c.obj
                0x08000344                buzzerControl
 .text.ledControl
                0x080003c0       0x30 CMakeFiles/ABD01_V3.0.elf.dir/Core/Src/main.c.obj
                0x080003c0                ledControl
 .text.ledColor
                0x080003f0       0x80 CMakeFiles/ABD01_V3.0.elf.dir/Core/Src/main.c.obj
                0x080003f0                ledColor
 .text.boostEnable
                0x08000470       0x10 CMakeFiles/ABD01_V3.0.elf.dir/Core/Src/main.c.obj
                0x08000470                boostEnable
 .text.deviceInit
                0x08000480       0xac CMakeFiles/ABD01_V3.0.elf.dir/Core/Src/main.c.obj
                0x08000480                deviceInit
 .text.readSwitchStatus
                0x0800052c       0x74 CMakeFiles/ABD01_V3.0.elf.dir/Core/Src/main.c.obj
                0x0800052c                readSwitchStatus
 .text.fanControl
                0x080005a0       0xf8 CMakeFiles/ABD01_V3.0.elf.dir/Core/Src/main.c.obj
                0x080005a0                fanControl
 .text.ampControl
                0x08000698       0x74 CMakeFiles/ABD01_V3.0.elf.dir/Core/Src/main.c.obj
                0x08000698                ampControl
 .text.chargeDetect
                0x0800070c       0x5c CMakeFiles/ABD01_V3.0.elf.dir/Core/Src/main.c.obj
                0x0800070c                chargeDetect
 .text.Error_Handler
                0x08000768        0x4 CMakeFiles/ABD01_V3.0.elf.dir/Core/Src/main.c.obj
                0x08000768                Error_Handler
 .text.MX_TIM3_Init
                0x0800076c       0xb0 CMakeFiles/ABD01_V3.0.elf.dir/Core/Src/main.c.obj
 .text.MX_TIM14_Init
                0x0800081c       0x70 CMakeFiles/ABD01_V3.0.elf.dir/Core/Src/main.c.obj
 .text.MX_ADC_Init
                0x0800088c       0x74 CMakeFiles/ABD01_V3.0.elf.dir/Core/Src/main.c.obj
 .text.SystemClock_Config
                0x08000900       0x58 CMakeFiles/ABD01_V3.0.elf.dir/Core/Src/main.c.obj
                0x08000900                SystemClock_Config
 .text.main     0x08000958       0x60 CMakeFiles/ABD01_V3.0.elf.dir/Core/Src/main.c.obj
                0x08000958                main
 .text.HAL_MspInit
                0x080009b8       0x30 CMakeFiles/ABD01_V3.0.elf.dir/Core/Src/stm32f0xx_hal_msp.c.obj
                0x080009b8                HAL_MspInit
 .text.HAL_ADC_MspInit
                0x080009e8       0x5c CMakeFiles/ABD01_V3.0.elf.dir/Core/Src/stm32f0xx_hal_msp.c.obj
                0x080009e8                HAL_ADC_MspInit
 .text.HAL_TIM_Base_MspInit
                0x08000a44       0x48 CMakeFiles/ABD01_V3.0.elf.dir/Core/Src/stm32f0xx_hal_msp.c.obj
                0x08000a44                HAL_TIM_Base_MspInit
 .text.HAL_TIM_MspPostInit
                0x08000a8c       0x80 CMakeFiles/ABD01_V3.0.elf.dir/Core/Src/stm32f0xx_hal_msp.c.obj
                0x08000a8c                HAL_TIM_MspPostInit
 .text.NMI_Handler
                0x08000b0c        0x4 CMakeFiles/ABD01_V3.0.elf.dir/Core/Src/stm32f0xx_it.c.obj
                0x08000b0c                NMI_Handler
 .text.HardFault_Handler
                0x08000b10        0x4 CMakeFiles/ABD01_V3.0.elf.dir/Core/Src/stm32f0xx_it.c.obj
                0x08000b10                HardFault_Handler
 .text.SVC_Handler
                0x08000b14        0x4 CMakeFiles/ABD01_V3.0.elf.dir/Core/Src/stm32f0xx_it.c.obj
                0x08000b14                SVC_Handler
 .text.PendSV_Handler
                0x08000b18        0x4 CMakeFiles/ABD01_V3.0.elf.dir/Core/Src/stm32f0xx_it.c.obj
                0x08000b18                PendSV_Handler
 .text.SysTick_Handler
                0x08000b1c        0x8 CMakeFiles/ABD01_V3.0.elf.dir/Core/Src/stm32f0xx_it.c.obj
                0x08000b1c                SysTick_Handler
 .text.SystemInit
                0x08000b24        0x4 CMakeFiles/ABD01_V3.0.elf.dir/Core/Src/system_stm32f0xx.c.obj
                0x08000b24                SystemInit
 .text.Reset_Handler
                0x08000b28       0x50 CMakeFiles/ABD01_V3.0.elf.dir/Core/Startup/startup_stm32f031g6ux.s.obj
                0x08000b28                Reset_Handler
 .text.Default_Handler
                0x08000b78        0x2 CMakeFiles/ABD01_V3.0.elf.dir/Core/Startup/startup_stm32f031g6ux.s.obj
                0x08000b78                TIM1_CC_IRQHandler
                0x08000b78                PVD_IRQHandler
                0x08000b78                I2C1_IRQHandler
                0x08000b78                SPI1_IRQHandler
                0x08000b78                EXTI2_3_IRQHandler
                0x08000b78                ADC1_IRQHandler
                0x08000b78                TIM17_IRQHandler
                0x08000b78                RTC_IRQHandler
                0x08000b78                TIM16_IRQHandler
                0x08000b78                TIM3_IRQHandler
                0x08000b78                EXTI4_15_IRQHandler
                0x08000b78                RCC_IRQHandler
                0x08000b78                DMA1_Channel1_IRQHandler
                0x08000b78                Default_Handler
                0x08000b78                TIM14_IRQHandler
                0x08000b78                DMA1_Channel4_5_IRQHandler
                0x08000b78                EXTI0_1_IRQHandler
                0x08000b78                WWDG_IRQHandler
                0x08000b78                TIM2_IRQHandler
                0x08000b78                DMA1_Channel2_3_IRQHandler
                0x08000b78                FLASH_IRQHandler
                0x08000b78                USART1_IRQHandler
                0x08000b78                TIM1_BRK_UP_TRG_COM_IRQHandler
 *fill*         0x08000b7a        0x2 
 .text.HAL_InitTick
                0x08000b7c       0x4c CMakeFiles/ABD01_V3.0.elf.dir/Drivers/STM32F0xx_HAL_Driver/Src/stm32f0xx_hal.c.obj
                0x08000b7c                HAL_InitTick
 .text.HAL_Init
                0x08000bc8       0x20 CMakeFiles/ABD01_V3.0.elf.dir/Drivers/STM32F0xx_HAL_Driver/Src/stm32f0xx_hal.c.obj
                0x08000bc8                HAL_Init
 .text.HAL_IncTick
                0x08000be8       0x18 CMakeFiles/ABD01_V3.0.elf.dir/Drivers/STM32F0xx_HAL_Driver/Src/stm32f0xx_hal.c.obj
                0x08000be8                HAL_IncTick
 .text.HAL_GetTick
                0x08000c00        0xc CMakeFiles/ABD01_V3.0.elf.dir/Drivers/STM32F0xx_HAL_Driver/Src/stm32f0xx_hal.c.obj
                0x08000c00                HAL_GetTick
 .text.HAL_Delay
                0x08000c0c       0x24 CMakeFiles/ABD01_V3.0.elf.dir/Drivers/STM32F0xx_HAL_Driver/Src/stm32f0xx_hal.c.obj
                0x08000c0c                HAL_Delay
 .text.HAL_ADC_Init
                0x08000c30      0x184 CMakeFiles/ABD01_V3.0.elf.dir/Drivers/STM32F0xx_HAL_Driver/Src/stm32f0xx_hal_adc.c.obj
                0x08000c30                HAL_ADC_Init
 .text.HAL_ADC_ConfigChannel
                0x08000db4      0x14c CMakeFiles/ABD01_V3.0.elf.dir/Drivers/STM32F0xx_HAL_Driver/Src/stm32f0xx_hal_adc.c.obj
                0x08000db4                HAL_ADC_ConfigChannel
 .text.HAL_NVIC_SetPriority
                0x08000f00       0x64 CMakeFiles/ABD01_V3.0.elf.dir/Drivers/STM32F0xx_HAL_Driver/Src/stm32f0xx_hal_cortex.c.obj
                0x08000f00                HAL_NVIC_SetPriority
 .text.HAL_SYSTICK_Config
                0x08000f64       0x38 CMakeFiles/ABD01_V3.0.elf.dir/Drivers/STM32F0xx_HAL_Driver/Src/stm32f0xx_hal_cortex.c.obj
                0x08000f64                HAL_SYSTICK_Config
 .text.HAL_GPIO_Init
                0x08000f9c      0x174 CMakeFiles/ABD01_V3.0.elf.dir/Drivers/STM32F0xx_HAL_Driver/Src/stm32f0xx_hal_gpio.c.obj
                0x08000f9c                HAL_GPIO_Init
 .text.HAL_GPIO_ReadPin
                0x08001110       0x10 CMakeFiles/ABD01_V3.0.elf.dir/Drivers/STM32F0xx_HAL_Driver/Src/stm32f0xx_hal_gpio.c.obj
                0x08001110                HAL_GPIO_ReadPin
 .text.HAL_GPIO_WritePin
                0x08001120        0xc CMakeFiles/ABD01_V3.0.elf.dir/Drivers/STM32F0xx_HAL_Driver/Src/stm32f0xx_hal_gpio.c.obj
                0x08001120                HAL_GPIO_WritePin
 .text.HAL_RCC_OscConfig
                0x0800112c      0x4c8 CMakeFiles/ABD01_V3.0.elf.dir/Drivers/STM32F0xx_HAL_Driver/Src/stm32f0xx_hal_rcc.c.obj
                0x0800112c                HAL_RCC_OscConfig
 .text.HAL_RCC_GetSysClockFreq
                0x080015f4       0x68 CMakeFiles/ABD01_V3.0.elf.dir/Drivers/STM32F0xx_HAL_Driver/Src/stm32f0xx_hal_rcc.c.obj
                0x080015f4                HAL_RCC_GetSysClockFreq
 .text.HAL_RCC_ClockConfig
                0x0800165c      0x134 CMakeFiles/ABD01_V3.0.elf.dir/Drivers/STM32F0xx_HAL_Driver/Src/stm32f0xx_hal_rcc.c.obj
                0x0800165c                HAL_RCC_ClockConfig
 .text.TIM_OC1_SetConfig
                0x08001790       0x78 CMakeFiles/ABD01_V3.0.elf.dir/Drivers/STM32F0xx_HAL_Driver/Src/stm32f0xx_hal_tim.c.obj
 .text.TIM_OC3_SetConfig
                0x08001808       0x84 CMakeFiles/ABD01_V3.0.elf.dir/Drivers/STM32F0xx_HAL_Driver/Src/stm32f0xx_hal_tim.c.obj
 .text.TIM_OC4_SetConfig
                0x0800188c       0x68 CMakeFiles/ABD01_V3.0.elf.dir/Drivers/STM32F0xx_HAL_Driver/Src/stm32f0xx_hal_tim.c.obj
 .text.TIM_TI1_ConfigInputStage
                0x080018f4       0x24 CMakeFiles/ABD01_V3.0.elf.dir/Drivers/STM32F0xx_HAL_Driver/Src/stm32f0xx_hal_tim.c.obj
 .text.TIM_TI2_ConfigInputStage
                0x08001918       0x28 CMakeFiles/ABD01_V3.0.elf.dir/Drivers/STM32F0xx_HAL_Driver/Src/stm32f0xx_hal_tim.c.obj
 .text.TIM_ITRx_SetConfig
                0x08001940       0x10 CMakeFiles/ABD01_V3.0.elf.dir/Drivers/STM32F0xx_HAL_Driver/Src/stm32f0xx_hal_tim.c.obj
 .text.HAL_TIM_PWM_MspInit
                0x08001950        0x4 CMakeFiles/ABD01_V3.0.elf.dir/Drivers/STM32F0xx_HAL_Driver/Src/stm32f0xx_hal_tim.c.obj
                0x08001950                HAL_TIM_PWM_MspInit
 .text.TIM_Base_SetConfig
                0x08001954       0x94 CMakeFiles/ABD01_V3.0.elf.dir/Drivers/STM32F0xx_HAL_Driver/Src/stm32f0xx_hal_tim.c.obj
                0x08001954                TIM_Base_SetConfig
 .text.HAL_TIM_Base_Init
                0x080019e8       0x58 CMakeFiles/ABD01_V3.0.elf.dir/Drivers/STM32F0xx_HAL_Driver/Src/stm32f0xx_hal_tim.c.obj
                0x080019e8                HAL_TIM_Base_Init
 .text.HAL_TIM_PWM_Init
                0x08001a40       0x58 CMakeFiles/ABD01_V3.0.elf.dir/Drivers/STM32F0xx_HAL_Driver/Src/stm32f0xx_hal_tim.c.obj
                0x08001a40                HAL_TIM_PWM_Init
 .text.TIM_OC2_SetConfig
                0x08001a98       0x7c CMakeFiles/ABD01_V3.0.elf.dir/Drivers/STM32F0xx_HAL_Driver/Src/stm32f0xx_hal_tim.c.obj
                0x08001a98                TIM_OC2_SetConfig
 .text.HAL_TIM_PWM_ConfigChannel
                0x08001b14       0xec CMakeFiles/ABD01_V3.0.elf.dir/Drivers/STM32F0xx_HAL_Driver/Src/stm32f0xx_hal_tim.c.obj
                0x08001b14                HAL_TIM_PWM_ConfigChannel
 .text.TIM_ETR_SetConfig
                0x08001c00       0x18 CMakeFiles/ABD01_V3.0.elf.dir/Drivers/STM32F0xx_HAL_Driver/Src/stm32f0xx_hal_tim.c.obj
                0x08001c00                TIM_ETR_SetConfig
 .text.HAL_TIM_ConfigClockSource
                0x08001c18      0x104 CMakeFiles/ABD01_V3.0.elf.dir/Drivers/STM32F0xx_HAL_Driver/Src/stm32f0xx_hal_tim.c.obj
                0x08001c18                HAL_TIM_ConfigClockSource
 .text.TIM_CCxChannelCmd
                0x08001d1c       0x1c CMakeFiles/ABD01_V3.0.elf.dir/Drivers/STM32F0xx_HAL_Driver/Src/stm32f0xx_hal_tim.c.obj
                0x08001d1c                TIM_CCxChannelCmd
 .text.HAL_TIM_PWM_Start
                0x08001d38       0xfc CMakeFiles/ABD01_V3.0.elf.dir/Drivers/STM32F0xx_HAL_Driver/Src/stm32f0xx_hal_tim.c.obj
                0x08001d38                HAL_TIM_PWM_Start
 .text.HAL_TIMEx_MasterConfigSynchronization
                0x08001e34       0x64 CMakeFiles/ABD01_V3.0.elf.dir/Drivers/STM32F0xx_HAL_Driver/Src/stm32f0xx_hal_tim_ex.c.obj
                0x08001e34                HAL_TIMEx_MasterConfigSynchronization
 .text.__libc_init_array
                0x08001e98       0x48 c:/progra~2/gnutoo~1/50a5a~1.420/bin/../lib/gcc/arm-none-eabi/5.4.1/../../../../arm-none-eabi/lib/armv6-m\libg.a(lib_a-init.o)
                0x08001e98                __libc_init_array
 .text.memcpy   0x08001ee0       0x7c c:/progra~2/gnutoo~1/50a5a~1.420/bin/../lib/gcc/arm-none-eabi/5.4.1/../../../../arm-none-eabi/lib/armv6-m\libg.a(lib_a-memcpy-stub.o)
                0x08001ee0                memcpy
 .text.memset   0x08001f5c       0x8c c:/progra~2/gnutoo~1/50a5a~1.420/bin/../lib/gcc/arm-none-eabi/5.4.1/../../../../arm-none-eabi/lib/armv6-m\libg.a(lib_a-memset.o)
                0x08001f5c                memset
 .text.startup.register_fini
                0x08001fe8       0x18 c:/progra~2/gnutoo~1/50a5a~1.420/bin/../lib/gcc/arm-none-eabi/5.4.1/../../../../arm-none-eabi/lib/armv6-m\libg.a(lib_a-__call_atexit.o)
 .text.atexit   0x08002000       0x10 c:/progra~2/gnutoo~1/50a5a~1.420/bin/../lib/gcc/arm-none-eabi/5.4.1/../../../../arm-none-eabi/lib/armv6-m\libg.a(lib_a-atexit.o)
                0x08002000                atexit
 .text.__libc_fini_array
                0x08002010       0x34 c:/progra~2/gnutoo~1/50a5a~1.420/bin/../lib/gcc/arm-none-eabi/5.4.1/../../../../arm-none-eabi/lib/armv6-m\libg.a(lib_a-fini.o)
                0x08002010                __libc_fini_array
 .text.__register_exitproc
                0x08002044       0xd4 c:/progra~2/gnutoo~1/50a5a~1.420/bin/../lib/gcc/arm-none-eabi/5.4.1/../../../../arm-none-eabi/lib/armv6-m\libg.a(lib_a-__atexit.o)
                0x08002044                __register_exitproc
 *(.glue_7)
 .glue_7        0x08002118        0x0 linker stubs
 *(.glue_7t)
 .glue_7t       0x08002118        0x0 linker stubs
 *(.eh_frame)
 .eh_frame      0x08002118        0x0 c:/progra~2/gnutoo~1/50a5a~1.420/bin/../lib/gcc/arm-none-eabi/5.4.1/armv6-m/crtbegin.o
 *(.init)
 .init          0x08002118        0x4 c:/progra~2/gnutoo~1/50a5a~1.420/bin/../lib/gcc/arm-none-eabi/5.4.1/armv6-m/crti.o
                0x08002118                _init
 .init          0x0800211c        0x8 c:/progra~2/gnutoo~1/50a5a~1.420/bin/../lib/gcc/arm-none-eabi/5.4.1/armv6-m/crtn.o
 *(.fini)
 .fini          0x08002124        0x4 c:/progra~2/gnutoo~1/50a5a~1.420/bin/../lib/gcc/arm-none-eabi/5.4.1/armv6-m/crti.o
                0x08002124                _fini
 .fini          0x08002128        0x8 c:/progra~2/gnutoo~1/50a5a~1.420/bin/../lib/gcc/arm-none-eabi/5.4.1/armv6-m/crtn.o
                0x08002130                . = ALIGN (0x4)
                0x08002130                _etext = .

.vfp11_veneer   0x08002130        0x0
 .vfp11_veneer  0x08002130        0x0 linker stubs

.v4_bx          0x08002130        0x0
 .v4_bx         0x08002130        0x0 linker stubs

.iplt           0x08002130        0x0
 .iplt          0x08002130        0x0 c:/progra~2/gnutoo~1/50a5a~1.420/bin/../lib/gcc/arm-none-eabi/5.4.1/armv6-m/crtbegin.o

.rodata         0x08002130       0x68
                0x08002130                . = ALIGN (0x4)
 *(.rodata)
 .rodata        0x08002130       0x20 CMakeFiles/ABD01_V3.0.elf.dir/Drivers/STM32F0xx_HAL_Driver/Src/stm32f0xx_hal_rcc.c.obj
 *(.rodata*)
 .rodata.ledColor
                0x08002150       0x20 CMakeFiles/ABD01_V3.0.elf.dir/Core/Src/main.c.obj
 .rodata.fanControl
                0x08002170       0x14 CMakeFiles/ABD01_V3.0.elf.dir/Core/Src/main.c.obj
 .rodata.AHBPrescTable
                0x08002184       0x10 CMakeFiles/ABD01_V3.0.elf.dir/Core/Src/system_stm32f0xx.c.obj
                0x08002184                AHBPrescTable
 .rodata._global_impure_ptr
                0x08002194        0x4 c:/progra~2/gnutoo~1/50a5a~1.420/bin/../lib/gcc/arm-none-eabi/5.4.1/../../../../arm-none-eabi/lib/armv6-m\libg.a(lib_a-impure.o)
                0x08002194                _global_impure_ptr
                0x08002198                . = ALIGN (0x4)

.rel.dyn        0x08002198        0x0
 .rel.iplt      0x08002198        0x0 c:/progra~2/gnutoo~1/50a5a~1.420/bin/../lib/gcc/arm-none-eabi/5.4.1/armv6-m/crtbegin.o

.ARM.extab      0x08002198        0x0
                0x08002198                . = ALIGN (0x4)
 *(.ARM.extab* .gnu.linkonce.armextab.*)
                0x08002198                . = ALIGN (0x4)

.ARM            0x08002198        0x0
                0x08002198                . = ALIGN (0x4)
                0x08002198                __exidx_start = .
 *(.ARM.exidx*)
                0x08002198                __exidx_end = .
                0x08002198                . = ALIGN (0x4)

.preinit_array  0x08002198        0x0
                0x08002198                . = ALIGN (0x4)
                0x08002198                PROVIDE (__preinit_array_start, .)
 *(.preinit_array*)
                0x08002198                PROVIDE (__preinit_array_end, .)
                0x08002198                . = ALIGN (0x4)

.init_array     0x08002198        0x8
                0x08002198                . = ALIGN (0x4)
                0x08002198                PROVIDE (__init_array_start, .)
 *(SORT(.init_array.*))
 .init_array.00000
                0x08002198        0x4 c:/progra~2/gnutoo~1/50a5a~1.420/bin/../lib/gcc/arm-none-eabi/5.4.1/../../../../arm-none-eabi/lib/armv6-m\libg.a(lib_a-__call_atexit.o)
 *(.init_array*)
 .init_array    0x0800219c        0x4 c:/progra~2/gnutoo~1/50a5a~1.420/bin/../lib/gcc/arm-none-eabi/5.4.1/armv6-m/crtbegin.o
                0x080021a0                PROVIDE (__init_array_end, .)
                0x080021a0                . = ALIGN (0x4)

.fini_array     0x080021a0        0x4
                0x080021a0                . = ALIGN (0x4)
                0x080021a0                PROVIDE (__fini_array_start, .)
 *(SORT(.fini_array.*))
 *(.fini_array*)
 .fini_array    0x080021a0        0x4 c:/progra~2/gnutoo~1/50a5a~1.420/bin/../lib/gcc/arm-none-eabi/5.4.1/armv6-m/crtbegin.o
                0x080021a4                PROVIDE (__fini_array_end, .)
                0x080021a4                . = ALIGN (0x4)
                0x080021a4                _sidata = LOADADDR (.data)

.data           0x20000000      0x438 load address 0x080021a4
                0x20000000                . = ALIGN (0x4)
                0x20000000                _sdata = .
 *(.data)
 *(.data*)
 .data.chgStat  0x20000000        0x1 CMakeFiles/ABD01_V3.0.elf.dir/Core/Src/main.c.obj
                0x20000000                chgStat
 *fill*         0x20000001        0x3 
 .data.SystemCoreClock
                0x20000004        0x4 CMakeFiles/ABD01_V3.0.elf.dir/Core/Src/system_stm32f0xx.c.obj
                0x20000004                SystemCoreClock
 .data.uwTickPrio
                0x20000008        0x4 CMakeFiles/ABD01_V3.0.elf.dir/Drivers/STM32F0xx_HAL_Driver/Src/stm32f0xx_hal.c.obj
                0x20000008                uwTickPrio
 .data.uwTickFreq
                0x2000000c        0x1 CMakeFiles/ABD01_V3.0.elf.dir/Drivers/STM32F0xx_HAL_Driver/Src/stm32f0xx_hal.c.obj
                0x2000000c                uwTickFreq
 *fill*         0x2000000d        0x3 
 .data.impure_data
                0x20000010      0x428 c:/progra~2/gnutoo~1/50a5a~1.420/bin/../lib/gcc/arm-none-eabi/5.4.1/../../../../arm-none-eabi/lib/armv6-m\libg.a(lib_a-impure.o)
 *(.RamFunc)
 *(.RamFunc*)
                0x20000438                . = ALIGN (0x4)
                0x20000438                _edata = .

.jcr            0x20000438        0x0 load address 0x080025dc
 .jcr           0x20000438        0x0 c:/progra~2/gnutoo~1/50a5a~1.420/bin/../lib/gcc/arm-none-eabi/5.4.1/armv6-m/crtbegin.o

.igot.plt       0x20000438        0x0 load address 0x080025dc
 .igot.plt      0x20000438        0x0 c:/progra~2/gnutoo~1/50a5a~1.420/bin/../lib/gcc/arm-none-eabi/5.4.1/armv6-m/crtbegin.o
                0x20000438                . = ALIGN (0x4)

.bss            0x20000438       0xf8 load address 0x080025dc
                0x20000438                _sbss = .
                0x20000438                __bss_start__ = _sbss
 *(.bss)
 .bss           0x20000438       0x1c c:/progra~2/gnutoo~1/50a5a~1.420/bin/../lib/gcc/arm-none-eabi/5.4.1/armv6-m/crtbegin.o
 *(.bss*)
 .bss.ampModeCount
                0x20000454        0x1 CMakeFiles/ABD01_V3.0.elf.dir/Core/Src/main.c.obj
                0x20000454                ampModeCount
 *fill*         0x20000455        0x3 
 .bss.htim14    0x20000458       0x48 CMakeFiles/ABD01_V3.0.elf.dir/Core/Src/main.c.obj
                0x20000458                htim14
 .bss.hadc      0x200004a0       0x40 CMakeFiles/ABD01_V3.0.elf.dir/Core/Src/main.c.obj
                0x200004a0                hadc
 .bss.htim3     0x200004e0       0x48 CMakeFiles/ABD01_V3.0.elf.dir/Core/Src/main.c.obj
                0x200004e0                htim3
 .bss.voltIn    0x20000528        0x1 CMakeFiles/ABD01_V3.0.elf.dir/Core/Src/main.c.obj
                0x20000528                voltIn
 *fill*         0x20000529        0x3 
 .bss.uwTick    0x2000052c        0x4 CMakeFiles/ABD01_V3.0.elf.dir/Drivers/STM32F0xx_HAL_Driver/Src/stm32f0xx_hal.c.obj
                0x2000052c                uwTick
 *(COMMON)
                0x20000530                . = ALIGN (0x4)
                0x20000530                _ebss = .
                0x20000530                __bss_end__ = _ebss

._user_heap_stack
                0x20000530      0x600 load address 0x080025dc
                0x20000530                . = ALIGN (0x8)
                [!provide]                PROVIDE (end, .)
                0x20000530                PROVIDE (_end, .)
                0x20000730                . = (. + _Min_Heap_Size)
 *fill*         0x20000530      0x200 
                0x20000b30                . = (. + _Min_Stack_Size)
 *fill*         0x20000730      0x400 
                0x20000b30                . = ALIGN (0x8)

/DISCARD/
 libc.a(*)
 libm.a(*)
 libgcc.a(*)

.ARM.attributes
                0x00000000       0x28
 *(.ARM.attributes)
 .ARM.attributes
                0x00000000       0x1e c:/progra~2/gnutoo~1/50a5a~1.420/bin/../lib/gcc/arm-none-eabi/5.4.1/armv6-m/crti.o
 .ARM.attributes
                0x0000001e       0x2c c:/progra~2/gnutoo~1/50a5a~1.420/bin/../lib/gcc/arm-none-eabi/5.4.1/armv6-m/crtbegin.o
 .ARM.attributes
                0x0000004a       0x31 CMakeFiles/ABD01_V3.0.elf.dir/Core/Src/main.c.obj
 .ARM.attributes
                0x0000007b       0x31 CMakeFiles/ABD01_V3.0.elf.dir/Core/Src/stm32f0xx_hal_msp.c.obj
 .ARM.attributes
                0x000000ac       0x31 CMakeFiles/ABD01_V3.0.elf.dir/Core/Src/stm32f0xx_it.c.obj
 .ARM.attributes
                0x000000dd       0x31 CMakeFiles/ABD01_V3.0.elf.dir/Core/Src/system_stm32f0xx.c.obj
 .ARM.attributes
                0x0000010e       0x21 CMakeFiles/ABD01_V3.0.elf.dir/Core/Startup/startup_stm32f031g6ux.s.obj
 .ARM.attributes
                0x0000012f       0x31 CMakeFiles/ABD01_V3.0.elf.dir/Drivers/STM32F0xx_HAL_Driver/Src/stm32f0xx_hal.c.obj
 .ARM.attributes
                0x00000160       0x31 CMakeFiles/ABD01_V3.0.elf.dir/Drivers/STM32F0xx_HAL_Driver/Src/stm32f0xx_hal_adc.c.obj
 .ARM.attributes
                0x00000191       0x31 CMakeFiles/ABD01_V3.0.elf.dir/Drivers/STM32F0xx_HAL_Driver/Src/stm32f0xx_hal_cortex.c.obj
 .ARM.attributes
                0x000001c2       0x31 CMakeFiles/ABD01_V3.0.elf.dir/Drivers/STM32F0xx_HAL_Driver/Src/stm32f0xx_hal_gpio.c.obj
 .ARM.attributes
                0x000001f3       0x31 CMakeFiles/ABD01_V3.0.elf.dir/Drivers/STM32F0xx_HAL_Driver/Src/stm32f0xx_hal_rcc.c.obj
 .ARM.attributes
                0x00000224       0x31 CMakeFiles/ABD01_V3.0.elf.dir/Drivers/STM32F0xx_HAL_Driver/Src/stm32f0xx_hal_tim.c.obj
 .ARM.attributes
                0x00000255       0x31 CMakeFiles/ABD01_V3.0.elf.dir/Drivers/STM32F0xx_HAL_Driver/Src/stm32f0xx_hal_tim_ex.c.obj
 .ARM.attributes
                0x00000286       0x1e c:/progra~2/gnutoo~1/50a5a~1.420/bin/../lib/gcc/arm-none-eabi/5.4.1/armv6-m\libgcc.a(_udivsi3.o)
 .ARM.attributes
                0x000002a4       0x1e c:/progra~2/gnutoo~1/50a5a~1.420/bin/../lib/gcc/arm-none-eabi/5.4.1/armv6-m\libgcc.a(_dvmd_tls.o)
 .ARM.attributes
                0x000002c2       0x2c c:/progra~2/gnutoo~1/50a5a~1.420/bin/../lib/gcc/arm-none-eabi/5.4.1/../../../../arm-none-eabi/lib/armv6-m\libg.a(lib_a-impure.o)
 .ARM.attributes
                0x000002ee       0x2c c:/progra~2/gnutoo~1/50a5a~1.420/bin/../lib/gcc/arm-none-eabi/5.4.1/../../../../arm-none-eabi/lib/armv6-m\libg.a(lib_a-init.o)
 .ARM.attributes
                0x0000031a       0x2c c:/progra~2/gnutoo~1/50a5a~1.420/bin/../lib/gcc/arm-none-eabi/5.4.1/../../../../arm-none-eabi/lib/armv6-m\libg.a(lib_a-memcpy-stub.o)
 .ARM.attributes
                0x00000346       0x2c c:/progra~2/gnutoo~1/50a5a~1.420/bin/../lib/gcc/arm-none-eabi/5.4.1/../../../../arm-none-eabi/lib/armv6-m\libg.a(lib_a-memset.o)
 .ARM.attributes
                0x00000372       0x2c c:/progra~2/gnutoo~1/50a5a~1.420/bin/../lib/gcc/arm-none-eabi/5.4.1/../../../../arm-none-eabi/lib/armv6-m\libg.a(lib_a-__call_atexit.o)
 .ARM.attributes
                0x0000039e       0x2c c:/progra~2/gnutoo~1/50a5a~1.420/bin/../lib/gcc/arm-none-eabi/5.4.1/../../../../arm-none-eabi/lib/armv6-m\libg.a(lib_a-atexit.o)
 .ARM.attributes
                0x000003ca       0x2c c:/progra~2/gnutoo~1/50a5a~1.420/bin/../lib/gcc/arm-none-eabi/5.4.1/../../../../arm-none-eabi/lib/armv6-m\libg.a(lib_a-fini.o)
 .ARM.attributes
                0x000003f6       0x2c c:/progra~2/gnutoo~1/50a5a~1.420/bin/../lib/gcc/arm-none-eabi/5.4.1/../../../../arm-none-eabi/lib/armv6-m\libg.a(lib_a-__atexit.o)
 .ARM.attributes
                0x00000422       0x1e c:/progra~2/gnutoo~1/50a5a~1.420/bin/../lib/gcc/arm-none-eabi/5.4.1/armv6-m/crtn.o
OUTPUT(ABD01_V3.0.elf elf32-littlearm)

.debug_info     0x00000000     0xa5ad
 .debug_info    0x00000000     0x1ced CMakeFiles/ABD01_V3.0.elf.dir/Core/Src/main.c.obj
 .debug_info    0x00001ced      0xc21 CMakeFiles/ABD01_V3.0.elf.dir/Core/Src/stm32f0xx_hal_msp.c.obj
 .debug_info    0x0000290e       0xe5 CMakeFiles/ABD01_V3.0.elf.dir/Core/Src/stm32f0xx_it.c.obj
 .debug_info    0x000029f3      0x237 CMakeFiles/ABD01_V3.0.elf.dir/Core/Src/system_stm32f0xx.c.obj
 .debug_info    0x00002c2a      0x121 CMakeFiles/ABD01_V3.0.elf.dir/Core/Startup/startup_stm32f031g6ux.s.obj
 .debug_info    0x00002d4b      0x681 CMakeFiles/ABD01_V3.0.elf.dir/Drivers/STM32F0xx_HAL_Driver/Src/stm32f0xx_hal.c.obj
 .debug_info    0x000033cc      0xe06 CMakeFiles/ABD01_V3.0.elf.dir/Drivers/STM32F0xx_HAL_Driver/Src/stm32f0xx_hal_adc.c.obj
 .debug_info    0x000041d2      0x74f CMakeFiles/ABD01_V3.0.elf.dir/Drivers/STM32F0xx_HAL_Driver/Src/stm32f0xx_hal_cortex.c.obj
 .debug_info    0x00004921      0x5b6 CMakeFiles/ABD01_V3.0.elf.dir/Drivers/STM32F0xx_HAL_Driver/Src/stm32f0xx_hal_gpio.c.obj
 .debug_info    0x00004ed7      0x9d7 CMakeFiles/ABD01_V3.0.elf.dir/Drivers/STM32F0xx_HAL_Driver/Src/stm32f0xx_hal_rcc.c.obj
 .debug_info    0x000058ae     0x35ee CMakeFiles/ABD01_V3.0.elf.dir/Drivers/STM32F0xx_HAL_Driver/Src/stm32f0xx_hal_tim.c.obj
 .debug_info    0x00008e9c     0x1711 CMakeFiles/ABD01_V3.0.elf.dir/Drivers/STM32F0xx_HAL_Driver/Src/stm32f0xx_hal_tim_ex.c.obj

.debug_abbrev   0x00000000     0x14b5
 .debug_abbrev  0x00000000      0x2a9 CMakeFiles/ABD01_V3.0.elf.dir/Core/Src/main.c.obj
 .debug_abbrev  0x000002a9      0x1a4 CMakeFiles/ABD01_V3.0.elf.dir/Core/Src/stm32f0xx_hal_msp.c.obj
 .debug_abbrev  0x0000044d       0x91 CMakeFiles/ABD01_V3.0.elf.dir/Core/Src/stm32f0xx_it.c.obj
 .debug_abbrev  0x000004de       0xee CMakeFiles/ABD01_V3.0.elf.dir/Core/Src/system_stm32f0xx.c.obj
 .debug_abbrev  0x000005cc       0x12 CMakeFiles/ABD01_V3.0.elf.dir/Core/Startup/startup_stm32f031g6ux.s.obj
 .debug_abbrev  0x000005de      0x20e CMakeFiles/ABD01_V3.0.elf.dir/Drivers/STM32F0xx_HAL_Driver/Src/stm32f0xx_hal.c.obj
 .debug_abbrev  0x000007ec      0x20c CMakeFiles/ABD01_V3.0.elf.dir/Drivers/STM32F0xx_HAL_Driver/Src/stm32f0xx_hal_adc.c.obj
 .debug_abbrev  0x000009f8      0x252 CMakeFiles/ABD01_V3.0.elf.dir/Drivers/STM32F0xx_HAL_Driver/Src/stm32f0xx_hal_cortex.c.obj
 .debug_abbrev  0x00000c4a      0x1d5 CMakeFiles/ABD01_V3.0.elf.dir/Drivers/STM32F0xx_HAL_Driver/Src/stm32f0xx_hal_gpio.c.obj
 .debug_abbrev  0x00000e1f      0x250 CMakeFiles/ABD01_V3.0.elf.dir/Drivers/STM32F0xx_HAL_Driver/Src/stm32f0xx_hal_rcc.c.obj
 .debug_abbrev  0x0000106f      0x223 CMakeFiles/ABD01_V3.0.elf.dir/Drivers/STM32F0xx_HAL_Driver/Src/stm32f0xx_hal_tim.c.obj
 .debug_abbrev  0x00001292      0x223 CMakeFiles/ABD01_V3.0.elf.dir/Drivers/STM32F0xx_HAL_Driver/Src/stm32f0xx_hal_tim_ex.c.obj

.debug_loc      0x00000000     0x8146
 .debug_loc     0x00000000      0x403 CMakeFiles/ABD01_V3.0.elf.dir/Core/Src/main.c.obj
 .debug_loc     0x00000403       0xb3 CMakeFiles/ABD01_V3.0.elf.dir/Core/Src/stm32f0xx_hal_msp.c.obj
 .debug_loc     0x000004b6       0xfe CMakeFiles/ABD01_V3.0.elf.dir/Core/Src/system_stm32f0xx.c.obj
 .debug_loc     0x000005b4      0x11b CMakeFiles/ABD01_V3.0.elf.dir/Drivers/STM32F0xx_HAL_Driver/Src/stm32f0xx_hal.c.obj
 .debug_loc     0x000006cf      0xbcc CMakeFiles/ABD01_V3.0.elf.dir/Drivers/STM32F0xx_HAL_Driver/Src/stm32f0xx_hal_adc.c.obj
 .debug_loc     0x0000129b      0x3bf CMakeFiles/ABD01_V3.0.elf.dir/Drivers/STM32F0xx_HAL_Driver/Src/stm32f0xx_hal_cortex.c.obj
 .debug_loc     0x0000165a      0x279 CMakeFiles/ABD01_V3.0.elf.dir/Drivers/STM32F0xx_HAL_Driver/Src/stm32f0xx_hal_gpio.c.obj
 .debug_loc     0x000018d3      0x574 CMakeFiles/ABD01_V3.0.elf.dir/Drivers/STM32F0xx_HAL_Driver/Src/stm32f0xx_hal_rcc.c.obj
 .debug_loc     0x00001e47     0x4953 CMakeFiles/ABD01_V3.0.elf.dir/Drivers/STM32F0xx_HAL_Driver/Src/stm32f0xx_hal_tim.c.obj
 .debug_loc     0x0000679a     0x19ac CMakeFiles/ABD01_V3.0.elf.dir/Drivers/STM32F0xx_HAL_Driver/Src/stm32f0xx_hal_tim_ex.c.obj

.debug_aranges  0x00000000      0x9c8
 .debug_aranges
                0x00000000       0xa0 CMakeFiles/ABD01_V3.0.elf.dir/Core/Src/main.c.obj
 .debug_aranges
                0x000000a0       0x48 CMakeFiles/ABD01_V3.0.elf.dir/Core/Src/stm32f0xx_hal_msp.c.obj
 .debug_aranges
                0x000000e8       0x40 CMakeFiles/ABD01_V3.0.elf.dir/Core/Src/stm32f0xx_it.c.obj
 .debug_aranges
                0x00000128       0x28 CMakeFiles/ABD01_V3.0.elf.dir/Core/Src/system_stm32f0xx.c.obj
 .debug_aranges
                0x00000150       0x28 CMakeFiles/ABD01_V3.0.elf.dir/Core/Startup/startup_stm32f031g6ux.s.obj
 .debug_aranges
                0x00000178       0xd0 CMakeFiles/ABD01_V3.0.elf.dir/Drivers/STM32F0xx_HAL_Driver/Src/stm32f0xx_hal.c.obj
 .debug_aranges
                0x00000248       0xf8 CMakeFiles/ABD01_V3.0.elf.dir/Drivers/STM32F0xx_HAL_Driver/Src/stm32f0xx_hal_adc.c.obj
 .debug_aranges
                0x00000340       0x78 CMakeFiles/ABD01_V3.0.elf.dir/Drivers/STM32F0xx_HAL_Driver/Src/stm32f0xx_hal_cortex.c.obj
 .debug_aranges
                0x000003b8       0x58 CMakeFiles/ABD01_V3.0.elf.dir/Drivers/STM32F0xx_HAL_Driver/Src/stm32f0xx_hal_gpio.c.obj
 .debug_aranges
                0x00000410       0x80 CMakeFiles/ABD01_V3.0.elf.dir/Drivers/STM32F0xx_HAL_Driver/Src/stm32f0xx_hal_rcc.c.obj
 .debug_aranges
                0x00000490      0x3d0 CMakeFiles/ABD01_V3.0.elf.dir/Drivers/STM32F0xx_HAL_Driver/Src/stm32f0xx_hal_tim.c.obj
 .debug_aranges
                0x00000860      0x168 CMakeFiles/ABD01_V3.0.elf.dir/Drivers/STM32F0xx_HAL_Driver/Src/stm32f0xx_hal_tim_ex.c.obj

.debug_ranges   0x00000000      0x958
 .debug_ranges  0x00000000       0xc0 CMakeFiles/ABD01_V3.0.elf.dir/Core/Src/main.c.obj
 .debug_ranges  0x000000c0       0x38 CMakeFiles/ABD01_V3.0.elf.dir/Core/Src/stm32f0xx_hal_msp.c.obj
 .debug_ranges  0x000000f8       0x30 CMakeFiles/ABD01_V3.0.elf.dir/Core/Src/stm32f0xx_it.c.obj
 .debug_ranges  0x00000128       0x18 CMakeFiles/ABD01_V3.0.elf.dir/Core/Src/system_stm32f0xx.c.obj
 .debug_ranges  0x00000140       0x20 CMakeFiles/ABD01_V3.0.elf.dir/Core/Startup/startup_stm32f031g6ux.s.obj
 .debug_ranges  0x00000160       0xc0 CMakeFiles/ABD01_V3.0.elf.dir/Drivers/STM32F0xx_HAL_Driver/Src/stm32f0xx_hal.c.obj
 .debug_ranges  0x00000220       0xe8 CMakeFiles/ABD01_V3.0.elf.dir/Drivers/STM32F0xx_HAL_Driver/Src/stm32f0xx_hal_adc.c.obj
 .debug_ranges  0x00000308       0x68 CMakeFiles/ABD01_V3.0.elf.dir/Drivers/STM32F0xx_HAL_Driver/Src/stm32f0xx_hal_cortex.c.obj
 .debug_ranges  0x00000370       0x48 CMakeFiles/ABD01_V3.0.elf.dir/Drivers/STM32F0xx_HAL_Driver/Src/stm32f0xx_hal_gpio.c.obj
 .debug_ranges  0x000003b8       0x88 CMakeFiles/ABD01_V3.0.elf.dir/Drivers/STM32F0xx_HAL_Driver/Src/stm32f0xx_hal_rcc.c.obj
 .debug_ranges  0x00000440      0x3c0 CMakeFiles/ABD01_V3.0.elf.dir/Drivers/STM32F0xx_HAL_Driver/Src/stm32f0xx_hal_tim.c.obj
 .debug_ranges  0x00000800      0x158 CMakeFiles/ABD01_V3.0.elf.dir/Drivers/STM32F0xx_HAL_Driver/Src/stm32f0xx_hal_tim_ex.c.obj

.debug_line     0x00000000     0x5421
 .debug_line    0x00000000      0x658 CMakeFiles/ABD01_V3.0.elf.dir/Core/Src/main.c.obj
 .debug_line    0x00000658      0x339 CMakeFiles/ABD01_V3.0.elf.dir/Core/Src/stm32f0xx_hal_msp.c.obj
 .debug_line    0x00000991      0x16a CMakeFiles/ABD01_V3.0.elf.dir/Core/Src/stm32f0xx_it.c.obj
 .debug_line    0x00000afb      0x1fb CMakeFiles/ABD01_V3.0.elf.dir/Core/Src/system_stm32f0xx.c.obj
 .debug_line    0x00000cf6       0xe9 CMakeFiles/ABD01_V3.0.elf.dir/Core/Startup/startup_stm32f031g6ux.s.obj
 .debug_line    0x00000ddf      0x4d2 CMakeFiles/ABD01_V3.0.elf.dir/Drivers/STM32F0xx_HAL_Driver/Src/stm32f0xx_hal.c.obj
 .debug_line    0x000012b1      0x803 CMakeFiles/ABD01_V3.0.elf.dir/Drivers/STM32F0xx_HAL_Driver/Src/stm32f0xx_hal_adc.c.obj
 .debug_line    0x00001ab4      0x3cc CMakeFiles/ABD01_V3.0.elf.dir/Drivers/STM32F0xx_HAL_Driver/Src/stm32f0xx_hal_cortex.c.obj
 .debug_line    0x00001e80      0x3a0 CMakeFiles/ABD01_V3.0.elf.dir/Drivers/STM32F0xx_HAL_Driver/Src/stm32f0xx_hal_gpio.c.obj
 .debug_line    0x00002220      0x590 CMakeFiles/ABD01_V3.0.elf.dir/Drivers/STM32F0xx_HAL_Driver/Src/stm32f0xx_hal_rcc.c.obj
 .debug_line    0x000027b0     0x1ea7 CMakeFiles/ABD01_V3.0.elf.dir/Drivers/STM32F0xx_HAL_Driver/Src/stm32f0xx_hal_tim.c.obj
 .debug_line    0x00004657      0xdca CMakeFiles/ABD01_V3.0.elf.dir/Drivers/STM32F0xx_HAL_Driver/Src/stm32f0xx_hal_tim_ex.c.obj

.debug_str      0x00000000     0x32fd
 .debug_str     0x00000000      0xe5c CMakeFiles/ABD01_V3.0.elf.dir/Core/Src/main.c.obj
                                0xf46 (size before relaxing)
 .debug_str     0x00000e5c       0xf9 CMakeFiles/ABD01_V3.0.elf.dir/Core/Src/stm32f0xx_hal_msp.c.obj
                                0x9ba (size before relaxing)
 .debug_str     0x00000f55       0xd0 CMakeFiles/ABD01_V3.0.elf.dir/Core/Src/stm32f0xx_it.c.obj
                                0x229 (size before relaxing)
 .debug_str     0x00001025       0xeb CMakeFiles/ABD01_V3.0.elf.dir/Core/Src/system_stm32f0xx.c.obj
                                0x2bd (size before relaxing)
 .debug_str     0x00001110      0x48c CMakeFiles/ABD01_V3.0.elf.dir/Drivers/STM32F0xx_HAL_Driver/Src/stm32f0xx_hal.c.obj
                                0x6c4 (size before relaxing)
 .debug_str     0x0000159c      0x357 CMakeFiles/ABD01_V3.0.elf.dir/Drivers/STM32F0xx_HAL_Driver/Src/stm32f0xx_hal_adc.c.obj
                                0x92e (size before relaxing)
 .debug_str     0x000018f3      0x2cd CMakeFiles/ABD01_V3.0.elf.dir/Drivers/STM32F0xx_HAL_Driver/Src/stm32f0xx_hal_cortex.c.obj
                                0x61d (size before relaxing)
 .debug_str     0x00001bc0      0x151 CMakeFiles/ABD01_V3.0.elf.dir/Drivers/STM32F0xx_HAL_Driver/Src/stm32f0xx_hal_gpio.c.obj
                                0x44e (size before relaxing)
 .debug_str     0x00001d11      0x23d CMakeFiles/ABD01_V3.0.elf.dir/Drivers/STM32F0xx_HAL_Driver/Src/stm32f0xx_hal_rcc.c.obj
                                0x6a8 (size before relaxing)
 .debug_str     0x00001f4e      0xe2b CMakeFiles/ABD01_V3.0.elf.dir/Drivers/STM32F0xx_HAL_Driver/Src/stm32f0xx_hal_tim.c.obj
                               0x168d (size before relaxing)
 .debug_str     0x00002d79      0x584 CMakeFiles/ABD01_V3.0.elf.dir/Drivers/STM32F0xx_HAL_Driver/Src/stm32f0xx_hal_tim_ex.c.obj
                                0xe8e (size before relaxing)

.comment        0x00000000       0x6e
 .comment       0x00000000       0x6e CMakeFiles/ABD01_V3.0.elf.dir/Core/Src/main.c.obj
                                 0x6f (size before relaxing)
 .comment       0x0000006e       0x6f CMakeFiles/ABD01_V3.0.elf.dir/Core/Src/stm32f0xx_hal_msp.c.obj
 .comment       0x0000006e       0x6f CMakeFiles/ABD01_V3.0.elf.dir/Core/Src/stm32f0xx_it.c.obj
 .comment       0x0000006e       0x6f CMakeFiles/ABD01_V3.0.elf.dir/Core/Src/system_stm32f0xx.c.obj
 .comment       0x0000006e       0x6f CMakeFiles/ABD01_V3.0.elf.dir/Drivers/STM32F0xx_HAL_Driver/Src/stm32f0xx_hal.c.obj
 .comment       0x0000006e       0x6f CMakeFiles/ABD01_V3.0.elf.dir/Drivers/STM32F0xx_HAL_Driver/Src/stm32f0xx_hal_adc.c.obj
 .comment       0x0000006e       0x6f CMakeFiles/ABD01_V3.0.elf.dir/Drivers/STM32F0xx_HAL_Driver/Src/stm32f0xx_hal_cortex.c.obj
 .comment       0x0000006e       0x6f CMakeFiles/ABD01_V3.0.elf.dir/Drivers/STM32F0xx_HAL_Driver/Src/stm32f0xx_hal_gpio.c.obj
 .comment       0x0000006e       0x6f CMakeFiles/ABD01_V3.0.elf.dir/Drivers/STM32F0xx_HAL_Driver/Src/stm32f0xx_hal_rcc.c.obj
 .comment       0x0000006e       0x6f CMakeFiles/ABD01_V3.0.elf.dir/Drivers/STM32F0xx_HAL_Driver/Src/stm32f0xx_hal_tim.c.obj
 .comment       0x0000006e       0x6f CMakeFiles/ABD01_V3.0.elf.dir/Drivers/STM32F0xx_HAL_Driver/Src/stm32f0xx_hal_tim_ex.c.obj

.debug_frame    0x00000000     0x1a80
 .debug_frame   0x00000000      0x1b4 CMakeFiles/ABD01_V3.0.elf.dir/Core/Src/main.c.obj
 .debug_frame   0x000001b4       0x98 CMakeFiles/ABD01_V3.0.elf.dir/Core/Src/stm32f0xx_hal_msp.c.obj
 .debug_frame   0x0000024c       0x68 CMakeFiles/ABD01_V3.0.elf.dir/Core/Src/stm32f0xx_it.c.obj
 .debug_frame   0x000002b4       0x38 CMakeFiles/ABD01_V3.0.elf.dir/Core/Src/system_stm32f0xx.c.obj
 .debug_frame   0x000002ec      0x1ac CMakeFiles/ABD01_V3.0.elf.dir/Drivers/STM32F0xx_HAL_Driver/Src/stm32f0xx_hal.c.obj
 .debug_frame   0x00000498      0x2a0 CMakeFiles/ABD01_V3.0.elf.dir/Drivers/STM32F0xx_HAL_Driver/Src/stm32f0xx_hal_adc.c.obj
 .debug_frame   0x00000738       0xe4 CMakeFiles/ABD01_V3.0.elf.dir/Drivers/STM32F0xx_HAL_Driver/Src/stm32f0xx_hal_cortex.c.obj
 .debug_frame   0x0000081c       0xc0 CMakeFiles/ABD01_V3.0.elf.dir/Drivers/STM32F0xx_HAL_Driver/Src/stm32f0xx_hal_gpio.c.obj
 .debug_frame   0x000008dc      0x13c CMakeFiles/ABD01_V3.0.elf.dir/Drivers/STM32F0xx_HAL_Driver/Src/stm32f0xx_hal_rcc.c.obj
 .debug_frame   0x00000a18      0xacc CMakeFiles/ABD01_V3.0.elf.dir/Drivers/STM32F0xx_HAL_Driver/Src/stm32f0xx_hal_tim.c.obj
 .debug_frame   0x000014e4      0x414 CMakeFiles/ABD01_V3.0.elf.dir/Drivers/STM32F0xx_HAL_Driver/Src/stm32f0xx_hal_tim_ex.c.obj
 .debug_frame   0x000018f8       0x20 c:/progra~2/gnutoo~1/50a5a~1.420/bin/../lib/gcc/arm-none-eabi/5.4.1/armv6-m\libgcc.a(_udivsi3.o)
 .debug_frame   0x00001918       0x2c c:/progra~2/gnutoo~1/50a5a~1.420/bin/../lib/gcc/arm-none-eabi/5.4.1/../../../../arm-none-eabi/lib/armv6-m\libg.a(lib_a-init.o)
 .debug_frame   0x00001944       0x2c c:/progra~2/gnutoo~1/50a5a~1.420/bin/../lib/gcc/arm-none-eabi/5.4.1/../../../../arm-none-eabi/lib/armv6-m\libg.a(lib_a-memcpy-stub.o)
 .debug_frame   0x00001970       0x2c c:/progra~2/gnutoo~1/50a5a~1.420/bin/../lib/gcc/arm-none-eabi/5.4.1/../../../../arm-none-eabi/lib/armv6-m\libg.a(lib_a-memset.o)
 .debug_frame   0x0000199c       0x54 c:/progra~2/gnutoo~1/50a5a~1.420/bin/../lib/gcc/arm-none-eabi/5.4.1/../../../../arm-none-eabi/lib/armv6-m\libg.a(lib_a-__call_atexit.o)
 .debug_frame   0x000019f0       0x28 c:/progra~2/gnutoo~1/50a5a~1.420/bin/../lib/gcc/arm-none-eabi/5.4.1/../../../../arm-none-eabi/lib/armv6-m\libg.a(lib_a-atexit.o)
 .debug_frame   0x00001a18       0x2c c:/progra~2/gnutoo~1/50a5a~1.420/bin/../lib/gcc/arm-none-eabi/5.4.1/../../../../arm-none-eabi/lib/armv6-m\libg.a(lib_a-fini.o)
 .debug_frame   0x00001a44       0x3c c:/progra~2/gnutoo~1/50a5a~1.420/bin/../lib/gcc/arm-none-eabi/5.4.1/../../../../arm-none-eabi/lib/armv6-m\libg.a(lib_a-__atexit.o)
